Test run for /private/tmp/elsa-8293-imported-dapper/test/extensions/modules/persistence/Elsa.Persistence.Dapper.UnitTests/bin/Debug/net9.0/Elsa.Persistence.Dapper.UnitTests.dll (.NETCoreApp,Version=v9.0)
A total of 1 test files matched the specified pattern.
[xUnit.net 00:00:00.00] xUnit.net VSTest Adapter v3.1.5+1b188a7b0a (64-bit .NET 9.0.9)
[xUnit.net 00:00:00.11]   Discovering: Elsa.Persistence.Dapper.UnitTests
[xUnit.net 00:00:00.18]   Discovered:  Elsa.Persistence.Dapper.UnitTests
[xUnit.net 00:00:00.22]   Starting:    Elsa.Persistence.Dapper.UnitTests
  Passed Elsa.Persistence.Dapper.UnitTests.DapperWorkflowDefinitionStoreTests.MissingReturnsNotFound [479 ms]
  Passed Elsa.Persistence.Dapper.UnitTests.DapperWorkflowDefinitionStoreTests.CallbackDatabaseFailureIsNotReportedAsContention [357 ms]
  Passed Elsa.Persistence.Dapper.UnitTests.DapperWorkflowDefinitionStoreTests.ConcurrentExpectedSnapshotHasOneWinner [1 s]
  Passed Elsa.Persistence.Dapper.UnitTests.DapperWorkflowDefinitionStoreTests.FailedInsertRollsBackUnmark [214 ms]
  Passed Elsa.Persistence.Dapper.UnitTests.DapperWorkflowDefinitionStoreTests.TenantScopeIsRequiredAndAgnosticUpdatePreservesTenant [172 ms]
  Passed Elsa.Persistence.Dapper.UnitTests.DapperWorkflowDefinitionStoreTests.UpdateUsesCurrentMetadataAndPreservesUnmappedColumns [166 ms]
  Passed Elsa.Persistence.Dapper.UnitTests.DapperWorkflowDefinitionStoreTests.SupersededVersionIsConflictOnlyInsideTenantScope [251 ms]
  Passed Elsa.Persistence.Dapper.UnitTests.DapperWorkflowDefinitionStoreTests.OptionalTenantAccessorUsesDefaultTenantAndExcludesOtherTenants [187 ms]
  Passed Elsa.Persistence.Dapper.UnitTests.DapperWorkflowDefinitionStoreTests.NewDraftUnmarksPreviousInSameTransaction [211 ms]
  Passed Elsa.Persistence.Dapper.UnitTests.DapperWorkflowDefinitionStoreTests.VersionFiltersUseProviderCompatibleBooleanParameters(selection: "latest-and-published", expected: 0) [239 ms]
  Passed Elsa.Persistence.Dapper.UnitTests.DapperWorkflowDefinitionStoreTests.VersionFiltersUseProviderCompatibleBooleanParameters(selection: "latest", expected: 1) [151 ms]
  Passed Elsa.Persistence.Dapper.UnitTests.DapperWorkflowDefinitionStoreTests.VersionFiltersUseProviderCompatibleBooleanParameters(selection: "draft", expected: 1) [179 ms]
  Passed Elsa.Persistence.Dapper.UnitTests.DapperWorkflowDefinitionStoreTests.VersionFiltersUseProviderCompatibleBooleanParameters(selection: "published", expected: 1) [168 ms]
  Passed Elsa.Persistence.Dapper.UnitTests.DapperWorkflowDefinitionStoreTests.VersionFiltersUseProviderCompatibleBooleanParameters(selection: "latest-or-published", expected: 2) [194 ms]
  Passed Elsa.Persistence.Dapper.UnitTests.DapperWorkflowDefinitionStoreTests.WrongExpectedSnapshotDoesNotInvokeUpdate [146 ms]
  Passed Elsa.Persistence.Dapper.UnitTests.DapperWorkflowDefinitionStoreTests.SerializableReadExcludesLegacyWriterUntilCommit [15 s]
[xUnit.net 00:00:20.39]   Finished:    Elsa.Persistence.Dapper.UnitTests
  Passed Elsa.Persistence.Dapper.UnitTests.DapperWorkflowDefinitionStoreTests.CannotMoveTenantOrDefinition [142 ms]

Test Run Successful.
Total tests: 17
     Passed: 17
 Total time: 21,2229 Seconds
