Test run for /private/tmp/elsa-8293-imported-dapper/test/extensions/modules/persistence/Elsa.Persistence.Dapper.UnitTests/bin/Debug/net10.0/Elsa.Persistence.Dapper.UnitTests.dll (.NETCoreApp,Version=v10.0)
A total of 1 test files matched the specified pattern.
[xUnit.net 00:00:00.00] xUnit.net VSTest Adapter v3.1.5+1b188a7b0a (64-bit .NET 10.0.8)
[xUnit.net 00:00:00.07]   Discovering: Elsa.Persistence.Dapper.UnitTests
[xUnit.net 00:00:00.12]   Discovered:  Elsa.Persistence.Dapper.UnitTests
[xUnit.net 00:00:00.14]   Starting:    Elsa.Persistence.Dapper.UnitTests
  Passed Elsa.Persistence.Dapper.UnitTests.DapperWorkflowDefinitionStoreTests.MissingReturnsNotFound [384 ms]
  Passed Elsa.Persistence.Dapper.UnitTests.DapperWorkflowDefinitionStoreTests.CallbackDatabaseFailureIsNotReportedAsContention [232 ms]
  Passed Elsa.Persistence.Dapper.UnitTests.DapperWorkflowDefinitionStoreTests.ConcurrentExpectedSnapshotHasOneWinner [94 ms]
  Passed Elsa.Persistence.Dapper.UnitTests.DapperWorkflowDefinitionStoreTests.FailedInsertRollsBackUnmark [75 ms]
  Passed Elsa.Persistence.Dapper.UnitTests.DapperWorkflowDefinitionStoreTests.TenantScopeIsRequiredAndAgnosticUpdatePreservesTenant [64 ms]
  Passed Elsa.Persistence.Dapper.UnitTests.DapperWorkflowDefinitionStoreTests.UpdateUsesCurrentMetadataAndPreservesUnmappedColumns [63 ms]
  Passed Elsa.Persistence.Dapper.UnitTests.DapperWorkflowDefinitionStoreTests.SupersededVersionIsConflictOnlyInsideTenantScope [93 ms]
  Passed Elsa.Persistence.Dapper.UnitTests.DapperWorkflowDefinitionStoreTests.OptionalTenantAccessorUsesDefaultTenantAndExcludesOtherTenants [35 ms]
  Passed Elsa.Persistence.Dapper.UnitTests.DapperWorkflowDefinitionStoreTests.NewDraftUnmarksPreviousInSameTransaction [37 ms]
[xUnit.net 00:00:01.74]   Finished:    Elsa.Persistence.Dapper.UnitTests
  Passed Elsa.Persistence.Dapper.UnitTests.DapperWorkflowDefinitionStoreTests.VersionFiltersUseProviderCompatibleBooleanParameters(selection: "latest-and-published", expected: 0) [72 ms]
  Passed Elsa.Persistence.Dapper.UnitTests.DapperWorkflowDefinitionStoreTests.VersionFiltersUseProviderCompatibleBooleanParameters(selection: "latest", expected: 1) [88 ms]
  Passed Elsa.Persistence.Dapper.UnitTests.DapperWorkflowDefinitionStoreTests.VersionFiltersUseProviderCompatibleBooleanParameters(selection: "draft", expected: 1) [48 ms]
  Passed Elsa.Persistence.Dapper.UnitTests.DapperWorkflowDefinitionStoreTests.VersionFiltersUseProviderCompatibleBooleanParameters(selection: "published", expected: 1) [26 ms]
  Passed Elsa.Persistence.Dapper.UnitTests.DapperWorkflowDefinitionStoreTests.VersionFiltersUseProviderCompatibleBooleanParameters(selection: "latest-or-published", expected: 2) [50 ms]
  Passed Elsa.Persistence.Dapper.UnitTests.DapperWorkflowDefinitionStoreTests.WrongExpectedSnapshotDoesNotInvokeUpdate [84 ms]
  Passed Elsa.Persistence.Dapper.UnitTests.DapperWorkflowDefinitionStoreTests.SerializableReadExcludesLegacyWriterUntilCommit [74 ms]
  Passed Elsa.Persistence.Dapper.UnitTests.DapperWorkflowDefinitionStoreTests.CannotMoveTenantOrDefinition [27 ms]

Test Run Successful.
Total tests: 17
     Passed: 17
 Total time: 2,2651 Seconds
